// Jest Snapshot v1, https://goo.gl/fbAQLP

exports[`Should hotel card render correctly 1`] = `
<div>
  <article
    class="cities__place-card place-card"
  >
    <div
      class="place-card__mark"
    >
      <span>
        Premium
      </span>
    </div>
    <div
      class="cities__image-wrapper place-card__image-wrapper"
    >
      <a
        href="/offer/5"
      >
        <img
          alt="Place image"
          class="place-card__image"
          height="200"
          src="img/img.jpg"
          width="260"
        />
      </a>
    </div>
    <div
      class=" place-card__info"
    >
      <div
        class="place-card__price-wrapper"
      >
        <div
          class="place-card__price"
        >
          <b
            class="place-card__price-value"
          >
            €
            210
          </b>
          <span
            class="place-card__price-text"
          >
            / night
          </span>
        </div>
        <button
          class="place-card__bookmark-button button  place-card__bookmark-button--active"
          type="button"
        >
          <svg
            class="place-card__bookmark-icon"
            height="19"
            width="18"
          >
            <use
              xlink:href="#icon-bookmark"
            >
               
            </use>
          </svg>
          <span
            class="visually-hidden"
          >
            In bookmarks
          </span>
        </button>
      </div>
      <div
        class="place-card__rating rating"
      >
        <div
          class="place-card__stars rating__stars"
        >
          <span
            style="width: 80%;"
          />
        </div>
      </div>
      <h2
        class="place-card__name"
      >
        <a
          href="/offer/5"
        >
          Cityden Residences Museum Square
        </a>
      </h2>
      <p
        class="place-card__type"
      >
        Apartment
      </p>
    </div>
  </article>
</div>
`;
