// Jest Snapshot v1, https://goo.gl/fbAQLP

exports[`Should room facilities render correctly 1`] = `
<div>
  <div
    class="property__inside"
  >
    <h2
      class="property__inside-title"
    >
      What's inside
    </h2>
    <ul
      class="property__inside-list"
    >
      <li
        class="property__inside-item"
      >
        Air conditioning
      </li>
      <li
        class="property__inside-item"
      >
        Dishwasher
      </li>
      <li
        class="property__inside-item"
      >
        Flat-screen TV
      </li>
      <li
        class="property__inside-item"
      >
        Coffee machine
      </li>
      <li
        class="property__inside-item"
      >
        Free WiFi
      </li>
      ;
    </ul>
  </div>
</div>
`;
