// Jest Snapshot v1, https://goo.gl/fbAQLP

exports[`Should NotFoundScreen render correctly 1`] = `
<div>
  <div
    class="page page--favorites-empty"
  >
    <header
      class="header"
    >
      <div
        class="container"
      >
        <div
          class="header__wrapper"
        >
          <div
            class="header__left"
          >
            <a
              class="header__logo-link"
              href="/"
            >
              <img
                alt="6 cities logo"
                class="header__logo"
                height="41"
                src="img/logo.svg"
                width="81"
              />
            </a>
          </div>
          <nav
            class="header__nav"
          >
            <ul
              class="header__nav-list"
            >
              <li
                class="header__nav-item user"
                style="display: flex;"
              >
                <a
                  class="header__nav-link header__nav-link--profile"
                  href="/favorites"
                >
                  <div
                    class="header__avatar-wrapper user__avatar-wrapper"
                    style="background-image: url(img/avatar.jpg);"
                  />
                  <span
                    class="header__user-name user__name"
                  >
                    Oliver.conner@gmail.com
                  </span>
                </a>
                <button
                  class="button"
                  style="margin-left: 10px; width: 18px; height: 18px; background-image: url(../img/logout.svg);"
                />
              </li>
            </ul>
          </nav>
        </div>
      </div>
    </header>
    <main
      class="page__main page__main--favorites page__main--favorites-empty"
    >
      <div
        class="page__favorites-container container"
      >
        <section
          class="favorites favorites--empty"
        >
          <h1
            class="visually-hidden"
          >
            Favorites (empty)
          </h1>
          <div
            class="favorites__status-wrapper"
            style="background-image: none;"
          >
            <b
              class="favorites__status"
            >
              404 
              <small>
                Not Found
              </small>
            </b>
          </div>
        </section>
      </div>
    </main>
    <footer
      class="footer container"
    >
      <a
        class="footer__logo-link"
        href="/"
      >
        <img
          alt="6 cities logo"
          class="footer__logo"
          height="33"
          src="img/logo.svg"
          width="64"
        />
      </a>
    </footer>
  </div>
</div>
`;
