// Jest Snapshot v1, https://goo.gl/fbAQLP

exports[`Should favorites page render correctly 1`] = `
<div>
  <div
    class="page"
  >
    <header
      class="header"
    >
      <div
        class="container"
      >
        <div
          class="header__wrapper"
        >
          <div
            class="header__left"
          >
            <a
              class="header__logo-link"
              href="/"
            >
              <img
                alt="6 cities logo"
                class="header__logo"
                height="41"
                src="img/logo.svg"
                width="81"
              />
            </a>
          </div>
          <nav
            class="header__nav"
          >
            <ul
              class="header__nav-list"
            >
              <li
                class="header__nav-item user"
                style="display: flex;"
              >
                <a
                  class="header__nav-link header__nav-link--profile"
                  href="/favorites"
                >
                  <div
                    class="header__avatar-wrapper user__avatar-wrapper"
                    style="background-image: url(img/avatar.jpg);"
                  />
                  <span
                    class="header__user-name user__name"
                  >
                    Oliver.conner@gmail.com
                  </span>
                </a>
                <button
                  class="button"
                  style="margin-left: 10px; width: 18px; height: 18px; background-image: url(../img/logout.svg);"
                />
              </li>
            </ul>
          </nav>
        </div>
      </div>
    </header>
    <main
      class="page__main page__main--property"
    >
      <section
        class="property"
      >
        <div
          class="property__gallery-container container"
        >
          <div
            class="property__gallery"
          >
            <div
              class="property__image-wrapper"
            >
              <img
                alt="Photo studio"
                class="property__image"
                src="img/img.jpg"
              />
            </div>
            <div
              class="property__image-wrapper"
            >
              <img
                alt="Photo studio"
                class="property__image"
                src="img/img1.jpg"
              />
            </div>
            <div
              class="property__image-wrapper"
            >
              <img
                alt="Photo studio"
                class="property__image"
                src="img/img2.jpg"
              />
            </div>
            <div
              class="property__image-wrapper"
            >
              <img
                alt="Photo studio"
                class="property__image"
                src="img/img3.jpg"
              />
            </div>
            <div
              class="property__image-wrapper"
            >
              <img
                alt="Photo studio"
                class="property__image"
                src="img/img4.jpg"
              />
            </div>
            <div
              class="property__image-wrapper"
            >
              <img
                alt="Photo studio"
                class="property__image"
                src="img/img5.jpg"
              />
            </div>
          </div>
        </div>
        <div
          class="property__container container"
        >
          <div
            class="property__wrapper"
          >
            <div
              class="property__mark"
            >
              <span>
                Premium
              </span>
            </div>
            <div
              class="property__name-wrapper"
            >
              <h1
                class="property__name"
              >
                Cityden Residences Museum Square
              </h1>
              <button
                class="property__bookmark-button button  property__bookmark-button--active"
                type="button"
              >
                <svg
                  class="property__bookmark-icon"
                  height="33"
                  width="31"
                >
                  <use
                    xlink:href="#icon-bookmark"
                  >
                     
                  </use>
                </svg>
                <span
                  class="visually-hidden"
                >
                  In bookmarks
                </span>
              </button>
            </div>
            <div
              class="property__rating rating"
            >
              <div
                class="property__stars rating__stars"
              >
                <span
                  style="width: 80%;"
                />
                <span
                  class="visually-hidden"
                >
                  Rating
                </span>
              </div>
              <span
                class="property__rating-value rating__value"
              >
                4.1
              </span>
            </div>
            <ul
              class="property__features"
            >
              <li
                class="property__feature property__feature--entire"
              >
                Apartment
              </li>
              <li
                class="property__feature property__feature--bedrooms"
              >
                2 Bedrooms
              </li>
              <li
                class="property__feature property__feature--adults"
              >
                Max 4 adults
              </li>
            </ul>
            <div
              class="property__price"
            >
              <b
                class="property__price-value"
              >
                €
                210
              </b>
              <span
                class="property__price-text"
              >
                 night
              </span>
            </div>
            <div
              class="property__inside"
            >
              <h2
                class="property__inside-title"
              >
                What's inside
              </h2>
              <ul
                class="property__inside-list"
              >
                <li
                  class="property__inside-item"
                >
                  Air conditioning
                </li>
                <li
                  class="property__inside-item"
                >
                  Private Bathroom
                </li>
                <li
                  class="property__inside-item"
                >
                  Dishwasher
                </li>
                <li
                  class="property__inside-item"
                >
                  Flat - screen TV
                </li>
                <li
                  class="property__inside-item"
                >
                  Coffee machine
                </li>
                <li
                  class="property__inside-item"
                >
                  Free WiFi
                </li>
              </ul>
            </div>
            <div
              class="property__host"
            >
              <h2
                class="property__host-title"
              >
                Meet the host
              </h2>
              <div
                class="property__host-user user"
              >
                <div
                  class="property__avatar-wrapper property__avatar-wrapper--pro user__avatar-wrapper"
                >
                  <img
                    alt="Host avatar"
                    class="property__avatar user__avatar"
                    height="74"
                    src="img/avatar.jpg"
                    width="74"
                  />
                </div>
                <span
                  class="property__user-name"
                >
                  Mick
                </span>
              </div>
              <div
                class="property__description"
              >
                <p
                  class="property__text"
                >
                  In the center of Paris, Citadines Saint-Germain-des-Prés Paris is a 10-minute walk from Notre-Dame Cathedral and 293 m from Saint-Michel Metro Station. It features a fitness room and free Wi-Fi access.
                </p>
              </div>
            </div>
            <section
              class="property__reviews reviews"
            >
              <h2
                class="reviews__title"
              >
                Reviews · 
                <span
                  class="reviews__amount"
                >
                  0
                </span>
              </h2>
              <ul
                class="reviews__list"
              />
              <form
                action="#"
                class="reviews__form form"
                method="post"
              >
                <fieldset>
                  <div
                    class="reviews__rating-form form__rating"
                  >
                    <input
                      class="form__rating-input visually-hidden"
                      data-testid="radio-5"
                      id="5-stars"
                      name="rating"
                      type="radio"
                      value="5"
                    />
                    <label
                      class="reviews__rating-label form__rating-label"
                      for="5-stars"
                      title="perfect"
                    >
                      <svg
                        class="form__star-image"
                        height="33"
                        width="37"
                      >
                        <use
                          xlink:href="#icon-star"
                        />
                      </svg>
                    </label>
                    <input
                      class="form__rating-input visually-hidden"
                      data-testid="radio-4"
                      id="4-stars"
                      name="rating"
                      type="radio"
                      value="4"
                    />
                    <label
                      class="reviews__rating-label form__rating-label"
                      for="4-stars"
                      title="good"
                    >
                      <svg
                        class="form__star-image"
                        height="33"
                        width="37"
                      >
                        <use
                          xlink:href="#icon-star"
                        />
                      </svg>
                    </label>
                    <input
                      class="form__rating-input visually-hidden"
                      data-testid="radio-3"
                      id="3-stars"
                      name="rating"
                      type="radio"
                      value="3"
                    />
                    <label
                      class="reviews__rating-label form__rating-label"
                      for="3-stars"
                      title="not bad"
                    >
                      <svg
                        class="form__star-image"
                        height="33"
                        width="37"
                      >
                        <use
                          xlink:href="#icon-star"
                        />
                      </svg>
                    </label>
                    <input
                      class="form__rating-input visually-hidden"
                      data-testid="radio-2"
                      id="2-stars"
                      name="rating"
                      type="radio"
                      value="2"
                    />
                    <label
                      class="reviews__rating-label form__rating-label"
                      for="2-stars"
                      title="badly"
                    >
                      <svg
                        class="form__star-image"
                        height="33"
                        width="37"
                      >
                        <use
                          xlink:href="#icon-star"
                        />
                      </svg>
                    </label>
                    <input
                      class="form__rating-input visually-hidden"
                      data-testid="radio-1"
                      id="1-stars"
                      name="rating"
                      type="radio"
                      value="1"
                    />
                    <label
                      class="reviews__rating-label form__rating-label"
                      for="1-stars"
                      title="terribly"
                    >
                      <svg
                        class="form__star-image"
                        height="33"
                        width="37"
                      >
                        <use
                          xlink:href="#icon-star"
                        />
                      </svg>
                    </label>
                  </div>
                  <textarea
                    class="reviews__textarea form__textarea"
                    data-testid="review"
                    id="review"
                    name="review"
                    placeholder="Tell how was your stay, what you like and what can be improved"
                  />
                  <div
                    class="reviews__button-wrapper"
                  >
                    <p
                      class="reviews__help"
                    >
                      To submit review please make sure to set 
                      <span
                        class="reviews__star"
                      >
                        rating
                      </span>
                       and describe your stay with at least 
                      <b
                        class="reviews__text-amount"
                      >
                        50 characters
                      </b>
                      .
                    </p>
                    <button
                      class="reviews__submit form__submit button"
                      data-testid="submit-button"
                      disabled=""
                      type="submit"
                    >
                      Submit
                    </button>
                  </div>
                </fieldset>
              </form>
            </section>
          </div>
        </div>
        <section
          class="property__map map"
        >
          <div
            class="leaflet-container leaflet-grab leaflet-touch-drag"
            id="map"
            style="height: 100%; width: 100%; position: relative;"
            tabindex="0"
          >
            <div
              class="leaflet-pane leaflet-map-pane"
              style="left: 0px; top: 0px;"
            >
              <div
                class="leaflet-pane leaflet-tile-pane"
              >
                <div
                  class="leaflet-layer "
                  style="z-index: 1;"
                >
                  <div
                    class="leaflet-tile-container leaflet-zoom-animated"
                    style="z-index: 18; left: 0px; top: 0px;"
                  >
                    <img
                      alt=""
                      class="leaflet-tile"
                      role="presentation"
                      src="https://c.basemaps.cartocdn.com/rastertiles/voyager/12/2103/1346.png"
                      style="width: 256px; height: 256px; left: -186px; top: -5px;"
                    />
                  </div>
                </div>
              </div>
              <div
                class="leaflet-pane leaflet-shadow-pane"
              />
              <div
                class="leaflet-pane leaflet-overlay-pane"
              />
              <div
                class="leaflet-pane leaflet-marker-pane"
              >
                <img
                  alt=""
                  class="leaflet-marker-icon leaflet-zoom-hide leaflet-interactive"
                  src="img/pin-active.svg"
                  style="margin-left: -13.5px; margin-top: -19.5px; width: 27px; height: 39px; left: -130px; top: -78px; z-index: -78;"
                  tabindex="0"
                  title="Cityden Residences Museum Square"
                />
              </div>
              <div
                class="leaflet-pane leaflet-tooltip-pane"
              />
              <div
                class="leaflet-pane leaflet-popup-pane"
              />
            </div>
            <div
              class="leaflet-control-container"
            >
              <div
                class="leaflet-top leaflet-left"
              />
              <div
                class="leaflet-top leaflet-right"
              />
              <div
                class="leaflet-bottom leaflet-left"
              />
              <div
                class="leaflet-bottom leaflet-right"
              >
                <div
                  class="leaflet-control-attribution leaflet-control"
                >
                  <a
                    href="https://leafletjs.com"
                    title="A JS library for interactive maps"
                  >
                    Leaflet
                  </a>
                   | © 
                  <a
                    href="https://www.openstreetmap.org/copyright"
                  >
                    OpenStreetMap
                  </a>
                   contributors © 
                  <a
                    href="https://carto.com/attributions"
                  >
                    CARTO
                  </a>
                </div>
              </div>
            </div>
          </div>
        </section>
      </section>
      <div
        class="container"
      >
        <section
          class="near-places places"
        >
          <h2
            class="near-places__title"
          />
          <div
            class="near-places__list places__list"
          />
        </section>
      </div>
    </main>
  </div>
</div>
`;
