// Jest Snapshot v1, https://goo.gl/fbAQLP

exports[`Should errors render correctly 1`] = `
<div>
  <div
    class="cities__status-wrapper"
  >
    <b
      class="cities__status"
    >
      Data loading error
    </b>
  </div>
</div>
`;
