// Jest Snapshot v1, https://goo.gl/fbAQLP

exports[`Should password input render correctly 1`] = `
<div>
  <input
    class="login__input form__input"
    name="password"
    placeholder="Password"
    type="password"
    value="12345678"
  />
</div>
`;
