// Jest Snapshot v1, https://goo.gl/fbAQLP

exports[`Should premium mark render correctly 1`] = `
<div>
  <div
    class="place-card__mark"
  >
    <span>
      Premium
    </span>
  </div>
</div>
`;
